هل
